[riaz.dev.alpha.net.bd/recipe-blog/index.html]
[backblue.gif]
[fade.gif]
[index.html]
[cdnjs.cloudflare.com/ajax/libs/font-awesome/4.7.0/css/font-awesome.min.css]
[cdnjs.cloudflare.com/ajax/libs/OwlCarousel2/2.3.4/assets/owl.carousel.min.css]
[cdnjs.cloudflare.com/ajax/libs/OwlCarousel2/2.3.4/assets/owl.theme.default.min.css]
[riaz.dev.alpha.net.bd/recipe-blog/css/recipe.css]
[riaz.dev.alpha.net.bd/recipe-blog/index-2.html]
[riaz.dev.alpha.net.bd/recipe-blog/img/logo.png]
[riaz.dev.alpha.net.bd/recipe-blog/index-3.html]
[riaz.dev.alpha.net.bd/recipe-blog/article.html]
[riaz.dev.alpha.net.bd/recipe-blog/img/hot1.jpg]
[riaz.dev.alpha.net.bd/recipe-blog/img/hot2.jpg]
[riaz.dev.alpha.net.bd/recipe-blog/img/hot3.jpg]
[riaz.dev.alpha.net.bd/recipe-blog/img/article/1.jpg]
[riaz.dev.alpha.net.bd/recipe-blog/search.html]
[cdn.jsdelivr.net/npm/theia-sticky-sidebar@1.7.0/dist/theia-sticky-sidebar.min.js]
[code.jquery.com/jquery-1.12.4.min.js]
[cdnjs.cloudflare.com/ajax/libs/OwlCarousel2/2.3.4/owl.carousel.min.js]
[riaz.dev.alpha.net.bd/recipe-blog/index.html]
[riaz.dev.alpha.net.bd/recipe-blog/js/recipe.js]
[cdnjs.cloudflare.com/ajax/libs/font-awesome/4.7.0/css/font-awesome.min.css]
[cdnjs.cloudflare.com/ajax/libs/OwlCarousel2/2.3.4/assets/owl.carousel.min.css]
[cdnjs.cloudflare.com/ajax/libs/OwlCarousel2/2.3.4/assets/owl.theme.default.min.css]
[riaz.dev.alpha.net.bd/recipe-blog/css/recipe.css]
[riaz.dev.alpha.net.bd/recipe-blog/index-2.html]
[riaz.dev.alpha.net.bd/recipe-blog/index-3.html]
[riaz.dev.alpha.net.bd/recipe-blog/article.html]
[riaz.dev.alpha.net.bd/recipe-blog/search.html]
[riaz.dev.alpha.net.bd/recipe-blog/js/recipe.js]
[cdnjs.cloudflare.com/ajax/libs/OwlCarousel2/2.3.4/assets/owl.video.play.png]
